// Jest Snapshot v1, https://goo.gl/fbAQLP

exports[`The Field Set renders 1`] = `
<ControlLabel
  bsClass="control-label"
  srOnly={false}
>
  Field Label
</ControlLabel>
`;
